========================================================================
version cleanup   2026-09-04 13:04:27   DRY RUN (nothing changed)
root:     C:\Users\david\dev\repos\DigitalBusiness-AIDE\Documentation
settings: C:\Users\david\dev\repos\DigitalBusiness-AIDE\Documentation\_tools\version_cleanup_settings.json
folders processed: 5
------------------------------------------------------------------------
Nothing to do - every document in the tree is already at its current version.

------------------------------------------------------------------------
Result: no changes
========================================================================

========================================================================
version cleanup   2026-09-04 13:19:35   DRY RUN (nothing changed)
root:     C:\Users\david\dev\repos\DigitalBusiness-AIDE\Documentation
settings: C:\Users\david\dev\repos\DigitalBusiness-AIDE\Documentation\_tools\version_cleanup_settings.json
folders processed: 5
------------------------------------------------------------------------
Nothing to do - every document in the tree is already at its current version.

------------------------------------------------------------------------
Result: no changes
========================================================================

========================================================================
version cleanup   2026-09-04 13:37:17   LIVE
root:     C:\Users\david\dev\repos\DigitalBusiness-AIDE\Documentation
settings: C:\Users\david\dev\repos\DigitalBusiness-AIDE\Documentation\_tools\version_cleanup_settings.json
folders processed: 6
------------------------------------------------------------------------

[Infrastructure\version-cleanup]
  MOVED       VersionCleanup_Design_v1.md  (v1 superseded by v2)

------------------------------------------------------------------------
Result: 1 moved
========================================================================

========================================================================
version cleanup   2026-09-04 13:37:40   LIVE
root:     C:\Users\david\dev\repos\DigitalBusiness-AIDE\Documentation
settings: C:\Users\david\dev\repos\DigitalBusiness-AIDE\Documentation\_tools\version_cleanup_settings.json
folders processed: 6
------------------------------------------------------------------------
Nothing to do - every document in the tree is already at its current version.

------------------------------------------------------------------------
Result: no changes
========================================================================

========================================================================
version cleanup   2026-09-04 13:48:20   LIVE
root:     C:\Users\david\dev\repos\DigitalBusiness-AIDE\Documentation
settings: C:\Users\david\dev\repos\DigitalBusiness-AIDE\Documentation\_tools\version_cleanup_settings.json
folders processed: 6
------------------------------------------------------------------------

[Infrastructure\binder-builder]
  MOVED       BinderBuilder_Design_v1.md  (v1 superseded by v2)

[Infrastructure\version-cleanup]
  MOVED       VersionCleanup_Design_v2.md  (v2 superseded by v3)

------------------------------------------------------------------------
Result: 2 moved
========================================================================

========================================================================
version cleanup   2026-09-04 13:51:42   LIVE
root:     C:\Users\david\dev\repos\DigitalBusiness-AIDE\Documentation
settings: C:\Users\david\dev\repos\DigitalBusiness-AIDE\Documentation\_tools\version_cleanup_settings.json
folders processed: 6
------------------------------------------------------------------------
Nothing to do - every document in the tree is already at its current version.

------------------------------------------------------------------------
Result: no changes
========================================================================

========================================================================
version cleanup   2026-09-04 13:55:10   LIVE
root:     C:\Users\david\dev\repos\DigitalBusiness-AIDE\Documentation
settings: C:\Users\david\dev\repos\DigitalBusiness-AIDE\Documentation\_tools\version_cleanup_settings.json
folders processed: 6
------------------------------------------------------------------------

[Infrastructure\binder-builder]
  MOVED       BinderBuilder_Design_v2.md  (v2 superseded by v3)

------------------------------------------------------------------------
Result: 1 moved
========================================================================

========================================================================
version cleanup   2026-09-07 22:57:53   DRY RUN (nothing changed)
root:     C:\Users\david\dev\repos\DigitalBusiness-AIDE\Documentation
settings: C:\Users\david\dev\repos\DigitalBusiness-AIDE\Documentation\_tools\version_cleanup_settings.json
include:  ~/_rebuild
folders processed: 8
------------------------------------------------------------------------

[_rebuild]
  WOULD MOVE  AIDE_Rebuild_WIP_v17.md  (v17 superseded by v20)
  WOULD MOVE  AIDE_Rebuild_WIP_v18.md  (v18 superseded by v20)
  WOULD MOVE  AIDE_Rebuild_WIP_v19.md  (v19 superseded by v20)

------------------------------------------------------------------------
Result: 3 would move
========================================================================

========================================================================
version cleanup   2026-09-07 22:58:45   LIVE
root:     C:\Users\david\dev\repos\DigitalBusiness-AIDE\Documentation
settings: C:\Users\david\dev\repos\DigitalBusiness-AIDE\Documentation\_tools\version_cleanup_settings.json
include:  ~/_rebuild
folders processed: 8
------------------------------------------------------------------------

[_rebuild]
  MOVED       AIDE_Rebuild_WIP_v17.md  (v17 superseded by v20)
  MOVED       AIDE_Rebuild_WIP_v18.md  (v18 superseded by v20)
  MOVED       AIDE_Rebuild_WIP_v19.md  (v19 superseded by v20)

------------------------------------------------------------------------
Result: 3 moved
========================================================================

========================================================================
version cleanup   2026-09-08 09:54:17   LIVE
root:     C:\Users\david\dev\repos\DigitalBusiness-AIDE\Documentation
settings: C:\Users\david\dev\repos\DigitalBusiness-AIDE\Documentation\_tools\version_cleanup_settings.json
include:  ~/_rebuild
folders processed: 9
------------------------------------------------------------------------

[_rebuild]
  MOVED       AIDE_Rebuild_WIP_v20.md  (v20 superseded by v22)
  MOVED       AIDE_Rebuild_WIP_v21.md  (v21 superseded by v22)

------------------------------------------------------------------------
Result: 2 moved
========================================================================

========================================================================
version cleanup   2026-09-08 11:20:13   LIVE
root:     C:\Users\david\dev\repos\DigitalBusiness-AIDE\Documentation
settings: C:\Users\david\dev\repos\DigitalBusiness-AIDE\Documentation\_tools\version_cleanup_settings.json
include:  ~/_rebuild
folders processed: 9
------------------------------------------------------------------------
Nothing to do - every document in the tree is already at its current version.

------------------------------------------------------------------------
Result: no changes
========================================================================

========================================================================
version cleanup   2026-09-08 11:36:41   LIVE
root:     C:\Users\david\dev\repos\DigitalBusiness-AIDE\Documentation
settings: C:\Users\david\dev\repos\DigitalBusiness-AIDE\Documentation\_tools\version_cleanup_settings.json
include:  ~/_rebuild
folders processed: 9
------------------------------------------------------------------------

[_rebuild]
  MOVED       AIDE_Rebuild_WIP_v22.md  (v22 superseded by v23)

------------------------------------------------------------------------
Result: 1 moved
========================================================================

