========================================================================
version cleanup   2026-09-10 22:47:58   DRY RUN (nothing changed)
root:     C:\Users\david\dev\repos\DigitalBusiness-AIDE\Documentation
folders processed: 12
------------------------------------------------------------------------
Nothing to do - every document in the tree is already at its current version.

------------------------------------------------------------------------
Result: no changes
========================================================================

========================================================================
version cleanup   2026-09-11 11:11:19   DRY RUN (nothing changed)
root:     C:\Users\david\dev\repos\DigitalBusiness-AIDE\Documentation
folders processed: 13
------------------------------------------------------------------------

[Project Design]
  WOULD DELETE  ProjectDesign_Standard_v1.md  (v1 superseded by v2)

------------------------------------------------------------------------
Result: 1 would delete
========================================================================

========================================================================
version cleanup   2026-09-11 11:11:37   LIVE
root:     C:\Users\david\dev\repos\DigitalBusiness-AIDE\Documentation
folders processed: 13
------------------------------------------------------------------------

[Project Design]
  DELETED       ProjectDesign_Standard_v1.md  (v1 superseded by v2)

------------------------------------------------------------------------
Result: 1 deleted
========================================================================

========================================================================
version cleanup   2026-09-12 11:13:03   DRY RUN (nothing changed)
root:     C:\Users\david\dev\repos\DigitalBusiness-AIDE\Documentation
folders processed: 13
------------------------------------------------------------------------

[.]
  WOULD DELETE  AIDE_Documentation_WIP_v2.md  (v2 superseded by v3)

[Project Design]
  WOULD DELETE  ProjectDesign_Decisions_v1.md  (v1 superseded by v2)
  WOULD DELETE  ProjectDesign_Design_v1.md  (v1 superseded by v2)
  WOULD DELETE  ProjectDesign_Standard_v2.md  (v2 superseded by v3)

------------------------------------------------------------------------
Result: 4 would delete
========================================================================

========================================================================
version cleanup   2026-09-12 11:13:11   LIVE
root:     C:\Users\david\dev\repos\DigitalBusiness-AIDE\Documentation
folders processed: 13
------------------------------------------------------------------------

[.]
  DELETED       AIDE_Documentation_WIP_v2.md  (v2 superseded by v3)

[Project Design]
  DELETED       ProjectDesign_Decisions_v1.md  (v1 superseded by v2)
  DELETED       ProjectDesign_Design_v1.md  (v1 superseded by v2)
  DELETED       ProjectDesign_Standard_v2.md  (v2 superseded by v3)

------------------------------------------------------------------------
Result: 4 deleted
========================================================================

========================================================================
version cleanup   2026-09-13 21:16:10   DRY RUN (nothing changed)
root:     C:\Users\david\dev\repos\DigitalBusiness-AIDE\Documentation
folders processed: 13
------------------------------------------------------------------------
Nothing to do - every document in the tree is already at its current version.

------------------------------------------------------------------------
Result: no changes
========================================================================

========================================================================
version cleanup   2026-09-14 20:56:01   LIVE
root:     C:\Users\david\dev\repos\DigitalBusiness-AIDE\Documentation
folders processed: 13
------------------------------------------------------------------------

[Infrastructure\file-update-package]
  DELETED       FileUpdatePackage_Design_v1.md  (v1 superseded by v2)

[Standards]
  DELETED       Standards_Authoring_Standard_v5.md  (v5 superseded by v6)
  DELETED       Standards_Decisions_v2.md  (v2 superseded by v3)
  DELETED       Standards_Design_v2.md  (v2 superseded by v3)

------------------------------------------------------------------------
Result: 4 deleted
========================================================================

========================================================================
version cleanup   2026-09-14 22:24:37   LIVE
root:     C:\Users\david\dev\repos\DigitalBusiness-AIDE\Documentation
folders processed: 13
------------------------------------------------------------------------

[Project Design]
  DELETED       ProjectDesign_Standard_v3.md  (v3 superseded by v4)

------------------------------------------------------------------------
Result: 1 deleted
========================================================================

========================================================================
version cleanup   2026-09-14 22:38:11   LIVE
root:     C:\Users\david\dev\repos\DigitalBusiness-AIDE\Documentation
folders processed: 13
------------------------------------------------------------------------

[Project Design]
  DELETED       ProjectDesign_Decisions_v2.md  (v2 superseded by v3)
  DELETED       ProjectDesign_Design_v2.md  (v2 superseded by v3)

------------------------------------------------------------------------
Result: 2 deleted
========================================================================

========================================================================
version cleanup   2026-09-15 00:19:36   LIVE
root:     C:\Users\david\dev\repos\DigitalBusiness-AIDE\Documentation
folders processed: 13
------------------------------------------------------------------------

[Tools]
  DELETED       Tools_Authoring_Standard_v6.md  (v6 superseded by v7)
  DELETED       Tools_Decisions_v6.md  (v6 superseded by v7)
  DELETED       Tools_Design_v5.md  (v5 superseded by v6)

------------------------------------------------------------------------
Result: 3 deleted
========================================================================

========================================================================
version cleanup   2026-09-15 08:11:44   LIVE
root:     C:\Users\david\dev\repos\DigitalBusiness-AIDE\Documentation
folders processed: 13
------------------------------------------------------------------------

[Standards]
  DELETED       Standards_Authoring_Standard_v7.md  (v7 superseded by v8)
  DELETED       Standards_Decisions_v3.md  (v3 superseded by v4)

[Tools]
  DELETED       Tools_Authoring_Standard_v7.md  (v7 superseded by v8)

------------------------------------------------------------------------
Result: 3 deleted
========================================================================

========================================================================
version cleanup   2026-09-15   LIVE
root:     C:\Users\david\dev\repos\DigitalBusiness-AIDE\Documentation
folders processed: 13
------------------------------------------------------------------------

[Principles]
  DELETED       Principles_Design_v4.md  (v4 superseded by v5)
  DELETED       Principles_Decisions_v4.md  (v4 superseded by v5)
  DELETED       Principles_Standard_v1.md  (v1 superseded by v2)

------------------------------------------------------------------------
Result: 3 deleted
========================================================================

========================================================================
version cleanup   2026-09-15 08:45:18   LIVE
root:     C:\Users\david\dev\repos\DigitalBusiness-AIDE\Documentation
folders processed: 13
------------------------------------------------------------------------
Nothing to do - every document in the tree is already at its current version.

------------------------------------------------------------------------
Result: no changes
========================================================================

